{
  "urls": [
    {
      "url": "exampleHostname/game/p/custom-open-api/v3/api-docs?serverUrl=exampleHostname/game",
      "name": "/game"
    }
  ]
}